// === function_0000000000000000.c ===
#include <stdint.h>
/* decompiled by rerun; uintN_t locals; goto-form for irreducible regions */

/* struct candidate on rcx: 2 field(s) at {0x8, 0x10} */
uint64_t function_0000000000000000(void) {
    rcx->field_10 = (rcx->field_8);  /* 0x0000000000000004: mov [rcx+10h],rax */
    return (rcx->field_8);  /* 0x0000000000000008: ret  */
}
